Archive member included to satisfy reference by file (symbol)

c:/ac6/systemworkbench/plugins/fr.ac6.mcu.externaltools.arm-none.win32_1.15.0.201708311556/tools/compiler/bin/../lib/gcc/arm-none-eabi/6.3.1/../../../../arm-none-eabi/lib/thumb/v7-m\libc.a(lib_a-errno.o)
                              src/syscalls.o (__errno)
c:/ac6/systemworkbench/plugins/fr.ac6.mcu.externaltools.arm-none.win32_1.15.0.201708311556/tools/compiler/bin/../lib/gcc/arm-none-eabi/6.3.1/../../../../arm-none-eabi/lib/thumb/v7-m\libc.a(lib_a-exit.o)
                              c:/ac6/systemworkbench/plugins/fr.ac6.mcu.externaltools.arm-none.win32_1.15.0.201708311556/tools/compiler/bin/../lib/gcc/arm-none-eabi/6.3.1/../../../../arm-none-eabi/lib/thumb/v7-m/crt0.o (exit)
c:/ac6/systemworkbench/plugins/fr.ac6.mcu.externaltools.arm-none.win32_1.15.0.201708311556/tools/compiler/bin/../lib/gcc/arm-none-eabi/6.3.1/../../../../arm-none-eabi/lib/thumb/v7-m\libc.a(lib_a-impure.o)
                              c:/ac6/systemworkbench/plugins/fr.ac6.mcu.externaltools.arm-none.win32_1.15.0.201708311556/tools/compiler/bin/../lib/gcc/arm-none-eabi/6.3.1/../../../../arm-none-eabi/lib/thumb/v7-m\libc.a(lib_a-exit.o) (_global_impure_ptr)
c:/ac6/systemworkbench/plugins/fr.ac6.mcu.externaltools.arm-none.win32_1.15.0.201708311556/tools/compiler/bin/../lib/gcc/arm-none-eabi/6.3.1/../../../../arm-none-eabi/lib/thumb/v7-m\libc.a(lib_a-init.o)
                              c:/ac6/systemworkbench/plugins/fr.ac6.mcu.externaltools.arm-none.win32_1.15.0.201708311556/tools/compiler/bin/../lib/gcc/arm-none-eabi/6.3.1/../../../../arm-none-eabi/lib/thumb/v7-m/crt0.o (__libc_init_array)
c:/ac6/systemworkbench/plugins/fr.ac6.mcu.externaltools.arm-none.win32_1.15.0.201708311556/tools/compiler/bin/../lib/gcc/arm-none-eabi/6.3.1/../../../../arm-none-eabi/lib/thumb/v7-m\libc.a(lib_a-itoa.o)
                              src/LCD/lcd44780.o (itoa)
c:/ac6/systemworkbench/plugins/fr.ac6.mcu.externaltools.arm-none.win32_1.15.0.201708311556/tools/compiler/bin/../lib/gcc/arm-none-eabi/6.3.1/../../../../arm-none-eabi/lib/thumb/v7-m\libc.a(lib_a-memcpy.o)
                              src/main.o (memcpy)
c:/ac6/systemworkbench/plugins/fr.ac6.mcu.externaltools.arm-none.win32_1.15.0.201708311556/tools/compiler/bin/../lib/gcc/arm-none-eabi/6.3.1/../../../../arm-none-eabi/lib/thumb/v7-m\libc.a(lib_a-memset.o)
                              c:/ac6/systemworkbench/plugins/fr.ac6.mcu.externaltools.arm-none.win32_1.15.0.201708311556/tools/compiler/bin/../lib/gcc/arm-none-eabi/6.3.1/../../../../arm-none-eabi/lib/thumb/v7-m/crt0.o (memset)
c:/ac6/systemworkbench/plugins/fr.ac6.mcu.externaltools.arm-none.win32_1.15.0.201708311556/tools/compiler/bin/../lib/gcc/arm-none-eabi/6.3.1/../../../../arm-none-eabi/lib/thumb/v7-m\libc.a(lib_a-strcmp.o)
                              src/player/player.o (strcmp)
c:/ac6/systemworkbench/plugins/fr.ac6.mcu.externaltools.arm-none.win32_1.15.0.201708311556/tools/compiler/bin/../lib/gcc/arm-none-eabi/6.3.1/../../../../arm-none-eabi/lib/thumb/v7-m\libc.a(lib_a-strcpy.o)
                              src/player/player.o (strcpy)
c:/ac6/systemworkbench/plugins/fr.ac6.mcu.externaltools.arm-none.win32_1.15.0.201708311556/tools/compiler/bin/../lib/gcc/arm-none-eabi/6.3.1/../../../../arm-none-eabi/lib/thumb/v7-m\libc.a(lib_a-strlen-stub.o)
                              src/player/player.o (strlen)
c:/ac6/systemworkbench/plugins/fr.ac6.mcu.externaltools.arm-none.win32_1.15.0.201708311556/tools/compiler/bin/../lib/gcc/arm-none-eabi/6.3.1/../../../../arm-none-eabi/lib/thumb/v7-m\libc.a(lib_a-strncpy.o)
                              src/player/player.o (strncpy)
c:/ac6/systemworkbench/plugins/fr.ac6.mcu.externaltools.arm-none.win32_1.15.0.201708311556/tools/compiler/bin/../lib/gcc/arm-none-eabi/6.3.1/../../../../arm-none-eabi/lib/thumb/v7-m\libc.a(lib_a-strstr.o)
                              src/wav_format/wav.o (strstr)
c:/ac6/systemworkbench/plugins/fr.ac6.mcu.externaltools.arm-none.win32_1.15.0.201708311556/tools/compiler/bin/../lib/gcc/arm-none-eabi/6.3.1/../../../../arm-none-eabi/lib/thumb/v7-m\libc.a(lib_a-utoa.o)
                              c:/ac6/systemworkbench/plugins/fr.ac6.mcu.externaltools.arm-none.win32_1.15.0.201708311556/tools/compiler/bin/../lib/gcc/arm-none-eabi/6.3.1/../../../../arm-none-eabi/lib/thumb/v7-m\libc.a(lib_a-itoa.o) (__utoa)
c:/ac6/systemworkbench/plugins/fr.ac6.mcu.externaltools.arm-none.win32_1.15.0.201708311556/tools/compiler/bin/../lib/gcc/arm-none-eabi/6.3.1/../../../../arm-none-eabi/lib/thumb/v7-m\libc.a(lib_a-__call_atexit.o)
                              c:/ac6/systemworkbench/plugins/fr.ac6.mcu.externaltools.arm-none.win32_1.15.0.201708311556/tools/compiler/bin/../lib/gcc/arm-none-eabi/6.3.1/../../../../arm-none-eabi/lib/thumb/v7-m\libc.a(lib_a-exit.o) (__call_exitprocs)
[...]
Memory Configuration

Name             Origin             Length             Attributes
RAM              0x20000000         0x00005000         xrw
ROM              0x08000000         0x00010000         xr
*default*        0x00000000         0xffffffff

Linker script and memory map

LOAD c:/ac6/systemworkbench/plugins/fr.ac6.mcu.externaltools.arm-none.win32_1.15.0.201708311556/tools/compiler/bin/../lib/gcc/arm-none-eabi/6.3.1/thumb/v7-m/crti.o
LOAD c:/ac6/systemworkbench/plugins/fr.ac6.mcu.externaltools.arm-none.win32_1.15.0.201708311556/tools/compiler/bin/../lib/gcc/arm-none-eabi/6.3.1/thumb/v7-m/crtbegin.o
LOAD c:/ac6/systemworkbench/plugins/fr.ac6.mcu.externaltools.arm-none.win32_1.15.0.201708311556/tools/compiler/bin/../lib/gcc/arm-none-eabi/6.3.1/../../../../arm-none-eabi/lib/thumb/v7-m/crt0.o
LOAD CMSIS/core/core_cm3.o
LOAD StdPeriph_Driver/src/misc.o
LOAD StdPeriph_Driver/src/stm32f10x_adc.o
LOAD StdPeriph_Driver/src/stm32f10x_bkp.o
LOAD StdPeriph_Driver/src/stm32f10x_can.o
LOAD StdPeriph_Driver/src/stm32f10x_cec.o
LOAD StdPeriph_Driver/src/stm32f10x_crc.o
LOAD StdPeriph_Driver/src/stm32f10x_dac.o
LOAD StdPeriph_Driver/src/stm32f10x_dbgmcu.o
LOAD StdPeriph_Driver/src/stm32f10x_dma.o
LOAD StdPeriph_Driver/src/stm32f10x_exti.o
LOAD StdPeriph_Driver/src/stm32f10x_flash.o
LOAD StdPeriph_Driver/src/stm32f10x_fsmc.o
LOAD StdPeriph_Driver/src/stm32f10x_gpio.o
LOAD StdPeriph_Driver/src/stm32f10x_i2c.o
LOAD StdPeriph_Driver/src/stm32f10x_iwdg.o
LOAD StdPeriph_Driver/src/stm32f10x_pwr.o
LOAD StdPeriph_Driver/src/stm32f10x_rcc.o
LOAD StdPeriph_Driver/src/stm32f10x_rtc.o
LOAD StdPeriph_Driver/src/stm32f10x_sdio.o
LOAD StdPeriph_Driver/src/stm32f10x_spi.o
LOAD StdPeriph_Driver/src/stm32f10x_tim.o
LOAD StdPeriph_Driver/src/stm32f10x_usart.o
LOAD StdPeriph_Driver/src/stm32f10x_wwdg.o
LOAD src/FatFs/diskio.o
LOAD src/FatFs/ff.o
LOAD src/FatFs/option/syscall.o
LOAD src/FatFs/option/unicode.o
LOAD src/LCD/lcd44780.o
LOAD src/SD_timer/SD_timer.o
LOAD src/button_handler/buttons.o
LOAD src/delay/delay.o
LOAD src/main.o
LOAD src/syscalls.o
LOAD src/system_stm32f10x.o
LOAD src/menu/menu.o
LOAD src/player/functionHandler.o
LOAD src/player/player.o
LOAD src/spi/SPI.o
LOAD src/spi_DAC/SPI_DAC.o
LOAD src/uart/playerHandler.o
LOAD src/uart/uart.o
LOAD src/wav_format/wav.o
LOAD startup/startup_stm32f10x_md.o
LOAD c:/ac6/systemworkbench/plugins/fr.ac6.mcu.externaltools.arm-none.win32_1.15.0.201708311556/tools/compiler/bin/../lib/gcc/arm-none-eabi/6.3.1/../../../../arm-none-eabi/lib/thumb/v7-m\libm.a
START GROUP
LOAD c:/ac6/systemworkbench/plugins/fr.ac6.mcu.externaltools.arm-none.win32_1.15.0.201708311556/tools/compiler/bin/../lib/gcc/arm-none-eabi/6.3.1/thumb/v7-m\libgcc.a
LOAD c:/ac6/systemworkbench/plugins/fr.ac6.mcu.externaltools.arm-none.win32_1.15.0.201708311556/tools/compiler/bin/../lib/gcc/arm-none-eabi/6.3.1/../../../../arm-none-eabi/lib/thumb/v7-m\libc.a
END GROUP
LOAD c:/ac6/systemworkbench/plugins/fr.ac6.mcu.externaltools.arm-none.win32_1.15.0.201708311556/tools/compiler/bin/../lib/gcc/arm-none-eabi/6.3.1/thumb/v7-m/crtend.o
LOAD c:/ac6/systemworkbench/plugins/fr.ac6.mcu.externaltools.arm-none.win32_1.15.0.201708311556/tools/compiler/bin/../lib/gcc/arm-none-eabi/6.3.1/thumb/v7-m/crtn.o
                0x20005000                _estack = 0x20005000
                0x00000000                _Min_Heap_Size = 0x0
                0x00000400                _Min_Stack_Size = 0x400

.isr_vector     0x08000000      0x10c
                0x08000000                . = ALIGN (0x4)
 *(.isr_vector)
 .isr_vector    0x08000000      0x10c startup/startup_stm32f10x_md.o
                0x08000000                g_pfnVectors
                0x0800010c                . = ALIGN (0x4)

.text           0x0800010c     0x83fc
                0x0800010c                . = ALIGN (0x4)
 *(.text)
 .text          0x0800010c       0x6c c:/ac6/systemworkbench/plugins/fr.ac6.mcu.externaltools.arm-none.win32_1.15.0.201708311556/tools/compiler/bin/../lib/gcc/arm-none-eabi/6.3.1/thumb/v7-m/crtbegin.o
 .text          0x08000178       0xec c:/ac6/systemworkbench/plugins/fr.ac6.mcu.externaltools.arm-none.win32_1.15.0.201708311556/tools/compiler/bin/../lib/gcc/arm-none-eabi/6.3.1/../../../../arm-none-eabi/lib/thumb/v7-m\libc.a(lib_a-memcpy.o)
                0x08000178                memcpy
 .text          0x08000264      0x1bc c:/ac6/systemworkbench/plugins/fr.ac6.mcu.externaltools.arm-none.win32_1.15.0.201708311556/tools/compiler/bin/../lib/gcc/arm-none-eabi/6.3.1/../../../../arm-none-eabi/lib/thumb/v7-m\libc.a(lib_a-strcmp.o)
                0x08000264                strcmp
 *(.text*)
 .text.NVIC_Init
                0x08000420       0x64 StdPeriph_Driver/src/misc.o
                0x08000420                NVIC_Init
 .text.FLASH_Unlock
                0x08000484       0x18 StdPeriph_Driver/src/stm32f10x_flash.o
                0x08000484                FLASH_Unlock
 .text.FLASH_Lock
                0x0800049c       0x10 StdPeriph_Driver/src/stm32f10x_flash.o
                0x0800049c                FLASH_Lock
 .text.FLASH_ErasePage
                0x080004ac       0xec StdPeriph_Driver/src/stm32f10x_flash.o
                0x080004ac                FLASH_ErasePage
 .text.FLASH_ProgramHalfWord
                0x08000598       0xec StdPeriph_Driver/src/stm32f10x_flash.o
                0x08000598                FLASH_ProgramHalfWord
 .text.FLASH_ClearFlag
                0x08000684        0xc StdPeriph_Driver/src/stm32f10x_flash.o
                0x08000684                FLASH_ClearFlag
 .text.GPIO_Init
                0x08000690      0x36c StdPeriph_Driver/src/stm32f10x_gpio.o
                0x08000690                GPIO_Init
 .text.GPIO_StructInit
                0x080009fc       0x10 StdPeriph_Driver/src/stm32f10x_gpio.o
                0x080009fc                GPIO_StructInit
 .text.GPIO_ReadInputDataBit
                0x08000a0c        0xc StdPeriph_Driver/src/stm32f10x_gpio.o
                0x08000a0c                GPIO_ReadInputDataBit
 .text.GPIO_SetBits
                0x08000a18        0x4 StdPeriph_Driver/src/stm32f10x_gpio.o
                0x08000a18                GPIO_SetBits
 .text.GPIO_ResetBits
                0x08000a1c        0x4 StdPeriph_Driver/src/stm32f10x_gpio.o
                0x08000a1c                GPIO_ResetBits
 .text.GPIO_PinRemapConfig
                0x08000a20       0x6c StdPeriph_Driver/src/stm32f10x_gpio.o
                0x08000a20                GPIO_PinRemapConfig
 .text.RCC_GetClocksFreq
                0x08000a8c       0x98 StdPeriph_Driver/src/stm32f10x_rcc.o
                0x08000a8c                RCC_GetClocksFreq
 .text.RCC_APB2PeriphClockCmd
                0x08000b24       0x18 StdPeriph_Driver/src/stm32f10x_rcc.o
                0x08000b24                RCC_APB2PeriphClockCmd
 .text.RCC_APB1PeriphClockCmd
                0x08000b3c       0x18 StdPeriph_Driver/src/stm32f10x_rcc.o
                0x08000b3c                RCC_APB1PeriphClockCmd
 .text.SPI_Init
                0x08000b54       0x40 StdPeriph_Driver/src/stm32f10x_spi.o
                0x08000b54                SPI_Init
 .text.SPI_StructInit
                0x08000b94       0x18 StdPeriph_Driver/src/stm32f10x_spi.o
                0x08000b94                SPI_StructInit
 .text.SPI_Cmd  0x08000bac       0x1c StdPeriph_Driver/src/stm32f10x_spi.o
                0x08000bac                SPI_Cmd
 .text.SPI_I2S_SendData
                0x08000bc8        0x4 StdPeriph_Driver/src/stm32f10x_spi.o
                0x08000bc8                SPI_I2S_SendData
 .text.SPI_I2S_ReceiveData
                0x08000bcc        0x8 StdPeriph_Driver/src/stm32f10x_spi.o
                0x08000bcc                SPI_I2S_ReceiveData
 .text.SPI_I2S_GetFlagStatus
                0x08000bd4        0xc StdPeriph_Driver/src/stm32f10x_spi.o
                0x08000bd4                SPI_I2S_GetFlagStatus
 .text.TIM_TimeBaseInit
                0x08000be0       0xac StdPeriph_Driver/src/stm32f10x_tim.o
                0x08000be0                TIM_TimeBaseInit
 .text.TIM_TimeBaseStructInit
                0x08000c8c       0x10 StdPeriph_Driver/src/stm32f10x_tim.o
                0x08000c8c                TIM_TimeBaseStructInit
 .text.TIM_Cmd  0x08000c9c       0x1c StdPeriph_Driver/src/stm32f10x_tim.o
                0x08000c9c                TIM_Cmd
 .text.TIM_ITConfig
                0x08000cb8       0x14 StdPeriph_Driver/src/stm32f10x_tim.o
                0x08000cb8                TIM_ITConfig
 .text.TIM_GetITStatus
                0x08000ccc       0x18 StdPeriph_Driver/src/stm32f10x_tim.o
                0x08000ccc                TIM_GetITStatus
 .text.TIM_ClearITPendingBit
                0x08000ce4        0x8 StdPeriph_Driver/src/stm32f10x_tim.o
                0x08000ce4                TIM_ClearITPendingBit
 .text.USART_Init
                0x08000cec       0xbc StdPeriph_Driver/src/stm32f10x_usart.o
                0x08000cec                USART_Init
 .text.USART_StructInit
                0x08000da8       0x18 StdPeriph_Driver/src/stm32f10x_usart.o
                0x08000da8                USART_StructInit
 .text.USART_Cmd
                0x08000dc0       0x1c StdPeriph_Driver/src/stm32f10x_usart.o
                0x08000dc0                USART_Cmd
 .text.USART_SendData
                0x08000ddc        0x8 StdPeriph_Driver/src/stm32f10x_usart.o
                0x08000ddc                USART_SendData
 .text.USART_GetFlagStatus
                0x08000de4        0xc StdPeriph_Driver/src/stm32f10x_usart.o
                0x08000de4                USART_GetFlagStatus
 .text.wait_ready
                0x08000df0       0x20 src/FatFs/diskio.o
 .text.rcvr_datablock
                0x08000e10       0x54 src/FatFs/diskio.o
 .text.send_cmd.part.1
                0x08000e64       0x68 src/FatFs/diskio.o
 .text.disk_initialize
                0x08000ecc      0x3f8 src/FatFs/diskio.o
                0x08000ecc                disk_initialize
 .text.disk_status
                0x080012c4       0x14 src/FatFs/diskio.o
                0x080012c4                disk_status
 .text.disk_read
                0x080012d8      0x16c src/FatFs/diskio.o
                0x080012d8                disk_read
 .text.disk_write
                0x08001444      0x1cc src/FatFs/diskio.o
                0x08001444                disk_write
 .text.disk_ioctl
                0x08001610      0x238 src/FatFs/diskio.o
                0x08001610                disk_ioctl
 .text.disk_timerproc
                0x08001848       0x24 src/FatFs/diskio.o
                0x08001848                disk_timerproc
 .text.get_fattime
                0x0800186c        0x8 src/FatFs/diskio.o
                0x0800186c                get_fattime
 .text.unlikely.sync_window.part.6
                0x08001874       0x46 src/FatFs/ff.o
 *fill*         0x080018ba        0x2 
 .text.pattern_matching
                0x080018bc      0x198 src/FatFs/ff.o
 .text.move_window
                0x08001a54       0x7c src/FatFs/ff.o
 .text.find_volume
                0x08001ad0      0x5f0 src/FatFs/ff.o
 .text.sync_fs  0x080020c0       0xf0 src/FatFs/ff.o
 .text.put_fat.part.9
                0x080021b0      0x2cc src/FatFs/ff.o
 .text.remove_chain
                0x0800247c      0x2d8 src/FatFs/ff.o
 .text.get_fat.isra.8
                0x08002754      0x268 src/FatFs/ff.o
 .text.create_chain
                0x080029bc      0x398 src/FatFs/ff.o
 .text.dir_sdi.constprop.17
                0x08002d54      0x2cc src/FatFs/ff.o
 .text.dir_register
                0x08003020      0x2bc src/FatFs/ff.o
 .text.follow_path
                0x080032dc      0x34c src/FatFs/ff.o
 .text.f_mount  0x08003628       0x68 src/FatFs/ff.o
                0x08003628                f_mount
 .text.f_open   0x08003690      0x784 src/FatFs/ff.o
                0x08003690                f_open
 .text.f_read   0x08003e14      0x370 src/FatFs/ff.o
                0x08003e14                f_read
 .text.f_close  0x08004184      0x170 src/FatFs/ff.o
                0x08004184                f_close
 .text.f_lseek  0x080042f4      0x468 src/FatFs/ff.o
                0x080042f4                f_lseek
 .text.f_findnext
                0x0800475c      0x444 src/FatFs/ff.o
                0x0800475c                f_findnext
 .text.f_findfirst
                0x08004ba0      0x67c src/FatFs/ff.o
                0x08004ba0                f_findfirst
 .text.f_stat   0x0800521c      0x76c src/FatFs/ff.o
                0x0800521c                f_stat
 .text._lcd_write_byte.constprop.1
                0x08005988      0x140 src/LCD/lcd44780.o
 .text._lcd_write_byte
                0x08005ac8      0x1e0 src/LCD/lcd44780.o
                0x08005ac8                _lcd_write_byte
 .text.lcd_str  0x08005ca8       0x34 src/LCD/lcd44780.o
                0x08005ca8                lcd_str
 .text.lcd_int  0x08005cdc       0x40 src/LCD/lcd44780.o
                0x08005cdc                lcd_int
 .text.lcd_locate
                0x08005d1c       0x20 src/LCD/lcd44780.o
                0x08005d1c                lcd_locate
 .text.lcd_init
                0x08005d3c      0x200 src/LCD/lcd44780.o
                0x08005d3c                lcd_init
 .text.SD_timer_init
                0x08005f3c       0x5c src/SD_timer/SD_timer.o
                0x08005f3c                SD_timer_init
 .text.TIM2_IRQHandler
                0x08005f98       0x24 src/SD_timer/SD_timer.o
                0x08005f98                TIM2_IRQHandler
 .text.buttons_init
                0x08005fbc       0x8c src/button_handler/buttons.o
                0x08005fbc                buttons_init
 .text.nextButton
                0x08006048       0xb0 src/button_handler/buttons.o
                0x08006048                nextButton
 .text.previousButton
                0x080060f8       0xa4 src/button_handler/buttons.o
                0x080060f8                previousButton
 .text.plusButton
                0x0800619c       0xb0 src/button_handler/buttons.o
                0x0800619c                plusButton
 .text.minusButton
                0x0800624c       0xa8 src/button_handler/buttons.o
                0x0800624c                minusButton
 .text.menuButton
                0x080062f4       0x90 src/button_handler/buttons.o
                0x080062f4                menuButton
 .text.pauseButton
                0x08006384       0x88 src/button_handler/buttons.o
                0x08006384                pauseButton
 .text.delay_ms
                0x0800640c       0x1c src/delay/delay.o
                0x0800640c                delay_ms
 .text.delay_us
                0x08006428       0x18 src/delay/delay.o
                0x08006428                delay_us
 .text.SysTick_Handler
                0x08006440       0x14 src/main.o
                0x08006440                SysTick_Handler
 .text.waitForSD
                0x08006454       0x38 src/main.o
                0x08006454                waitForSD
 .text.startup.main
                0x0800648c      0x274 src/main.o
                0x0800648c                main
 .text.SystemInit
                0x08006700      0x104 src/system_stm32f10x.o
                0x08006700                SystemInit
 .text.DisplayError
                0x08006804       0x64 src/menu/menu.o
                0x08006804                DisplayError
 .text.DisplayMenu
                0x08006868      0x210 src/menu/menu.o
                0x08006868                DisplayMenu
 .text.DisplayTime
                0x08006a78       0xa8 src/menu/menu.o
                0x08006a78                DisplayTime
 .text.functionTimer
                0x08006b20       0x10 src/player/functionHandler.o
                0x08006b20                functionTimer
 .text.volumeUp
                0x08006b30       0xd0 src/player/functionHandler.o
                0x08006b30                volumeUp
 .text.volumeDown
                0x08006c00       0xdc src/player/functionHandler.o
                0x08006c00                volumeDown
 .text.forward  0x08006cdc       0x60 src/player/functionHandler.o
                0x08006cdc                forward
 .text.backward
                0x08006d3c       0x68 src/player/functionHandler.o
                0x08006d3c                backward
 .text.nextSong
                0x08006da4       0x30 src/player/functionHandler.o
                0x08006da4                nextSong
 .text.previousSong
                0x08006dd4       0x30 src/player/functionHandler.o
                0x08006dd4                previousSong
 .text.menuSelect
                0x08006e04       0x5c src/player/functionHandler.o
                0x08006e04                menuSelect
 .text.audioPlayPause
                0x08006e60       0x10 src/player/functionHandler.o
                0x08006e60                audioPlayPause
 .text.toggleBtnPause
                0x08006e70       0x14 src/player/functionHandler.o
                0x08006e70                toggleBtnPause
 .text.PlayFirstSong
                0x08006e84      0x138 src/player/player.o
                0x08006e84                PlayFirstSong
 .text.PlaySong
                0x08006fbc      0x128 src/player/player.o
                0x08006fbc                PlaySong
 .text.PlayPreviousSong
                0x080070e4       0xbc src/player/player.o
                0x080070e4                PlayPreviousSong
 .text.PlayNextSong
                0x080071a0       0x68 src/player/player.o
                0x080071a0                PlayNextSong
 .text.ReadWavData
                0x08007208       0xd8 src/player/player.o
                0x08007208                ReadWavData
 .text.TIM3_IRQHandler
                0x080072e0      0x1b0 src/player/player.o
                0x080072e0                TIM3_IRQHandler
 .text.savePlayerSettings
                0x08007490       0x8c src/player/player.o
                0x08007490                savePlayerSettings
 .text.readPlayerSettings
                0x0800751c       0x98 src/player/player.o
                0x0800751c                readPlayerSettings
 .text.spi_init
                0x080075b4       0x94 src/spi/SPI.o
                0x080075b4                spi_init
 .text.rcvr_spi
                0x08007648       0x30 src/spi/SPI.o
                0x08007648                rcvr_spi
 .text.xmit_spi
                0x08007678       0x20 src/spi/SPI.o
                0x08007678                xmit_spi
 .text.SELECT   0x08007698        0xc src/spi/SPI.o
                0x08007698                SELECT
 .text.DESELECT
                0x080076a4        0xc src/spi/SPI.o
                0x080076a4                DESELECT
 .text.spi_DAC_init
                0x080076b0       0xb8 src/spi_DAC/SPI_DAC.o
                0x080076b0                spi_DAC_init
 .text.spi_DAC_sendrecv
                0x08007768       0x20 src/spi_DAC/SPI_DAC.o
                0x08007768                spi_DAC_sendrecv
 .text.spi_DAC_resetCS
                0x08007788       0x10 src/spi_DAC/SPI_DAC.o
                0x08007788                spi_DAC_resetCS
 .text.spi_DAC_setCS
                0x08007798       0x10 src/spi_DAC/SPI_DAC.o
                0x08007798                spi_DAC_setCS
 .text.uart_init
                0x080077a8       0x74 src/uart/uart.o
                0x080077a8                uart_init
 .text.uart_putInt
                0x0800781c       0x60 src/uart/uart.o
                0x0800781c                uart_putInt
 .text.GetWavFormat
                0x0800787c      0x1a4 src/wav_format/wav.o
                0x0800787c                GetWavFormat
 .text.Reset_Handler
                0x08007a20       0x44 startup/startup_stm32f10x_md.o
                0x08007a20                Reset_Handler
 .text.Default_Handler
                0x08007a64        0x2 startup/startup_stm32f10x_md.o
                0x08007a64                EXTI2_IRQHandler
                0x08007a64                DebugMon_Handler
                0x08007a64                TIM1_CC_IRQHandler
                0x08007a64                HardFault_Handler
                0x08007a64                PVD_IRQHandler
                0x08007a64                PendSV_Handler
                0x08007a64                NMI_Handler
                0x08007a64                EXTI3_IRQHandler
                0x08007a64                EXTI0_IRQHandler
                0x08007a64                I2C2_EV_IRQHandler
                0x08007a64                UsageFault_Handler
                0x08007a64                ADC1_2_IRQHandler
                0x08007a64                SPI1_IRQHandler
                0x08007a64                TAMPER_IRQHandler
                0x08007a64                DMA1_Channel4_IRQHandler
                0x08007a64                USART3_IRQHandler
                0x08007a64                RTC_IRQHandler
                0x08007a64                DMA1_Channel7_IRQHandler
                0x08007a64                CAN1_RX1_IRQHandler
                0x08007a64                TIM4_IRQHandler
                0x08007a64                I2C1_EV_IRQHandler
                0x08007a64                DMA1_Channel6_IRQHandler
                0x08007a64                RCC_IRQHandler
                0x08007a64                TIM1_TRG_COM_IRQHandler
                0x08007a64                DMA1_Channel1_IRQHandler
                0x08007a64                Default_Handler
                0x08007a64                EXTI15_10_IRQHandler
                0x08007a64                EXTI9_5_IRQHandler
                0x08007a64                SPI2_IRQHandler
                0x08007a64                MemManage_Handler
                0x08007a64                SVC_Handler
                0x08007a64                DMA1_Channel5_IRQHandler
                0x08007a64                EXTI4_IRQHandler
                0x08007a64                USB_LP_CAN1_RX0_IRQHandler
                0x08007a64                USB_HP_CAN1_TX_IRQHandler
                0x08007a64                DMA1_Channel3_IRQHandler
                0x08007a64                TIM1_UP_IRQHandler
                0x08007a64                WWDG_IRQHandler
                0x08007a64                TIM1_BRK_IRQHandler
                0x08007a64                EXTI1_IRQHandler
                0x08007a64                RTCAlarm_IRQHandler
                0x08007a64                USART2_IRQHandler
                0x08007a64                I2C2_ER_IRQHandler
                0x08007a64                DMA1_Channel2_IRQHandler
                0x08007a64                CAN1_SCE_IRQHandler
                0x08007a64                FLASH_IRQHandler
                0x08007a64                BusFault_Handler
                0x08007a64                USART1_IRQHandler
                0x08007a64                I2C1_ER_IRQHandler
                0x08007a64                USBWakeUp_IRQHandler
 *fill*         0x08007a66        0x2 
 .text.__itoa   0x08007a68       0x30 c:/ac6/systemworkbench/plugins/fr.ac6.mcu.externaltools.arm-none.win32_1.15.0.201708311556/tools/compiler/bin/../lib/gcc/arm-none-eabi/6.3.1/../../../../arm-none-eabi/lib/thumb/v7-m\libc.a(lib_a-itoa.o)
                0x08007a68                __itoa
 .text.itoa     0x08007a98        0x4 c:/ac6/systemworkbench/plugins/fr.ac6.mcu.externaltools.arm-none.win32_1.15.0.201708311556/tools/compiler/bin/../lib/gcc/arm-none-eabi/6.3.1/../../../../arm-none-eabi/lib/thumb/v7-m\libc.a(lib_a-itoa.o)
                0x08007a98                itoa
 .text.memset   0x08007a9c       0x9c c:/ac6/systemworkbench/plugins/fr.ac6.mcu.externaltools.arm-none.win32_1.15.0.201708311556/tools/compiler/bin/../lib/gcc/arm-none-eabi/6.3.1/../../../../arm-none-eabi/lib/thumb/v7-m\libc.a(lib_a-memset.o)
                0x08007a9c                memset
 .text.strcpy   0x08007b38       0xbc c:/ac6/systemworkbench/plugins/fr.ac6.mcu.externaltools.arm-none.win32_1.15.0.201708311556/tools/compiler/bin/../lib/gcc/arm-none-eabi/6.3.1/../../../../arm-none-eabi/lib/thumb/v7-m\libc.a(lib_a-strcpy.o)
                0x08007b38                strcpy
 .text.strlen   0x08007bf4       0x5c c:/ac6/systemworkbench/plugins/fr.ac6.mcu.externaltools.arm-none.win32_1.15.0.201708311556/tools/compiler/bin/../lib/gcc/arm-none-eabi/6.3.1/../../../../arm-none-eabi/lib/thumb/v7-m\libc.a(lib_a-strlen-stub.o)
                0x08007bf4                strlen
 .text.strncpy  0x08007c50       0x64 c:/ac6/systemworkbench/plugins/fr.ac6.mcu.externaltools.arm-none.win32_1.15.0.201708311556/tools/compiler/bin/../lib/gcc/arm-none-eabi/6.3.1/../../../../arm-none-eabi/lib/thumb/v7-m\libc.a(lib_a-strncpy.o)
                0x08007c50                strncpy
 .text.critical_factorization
                0x08007cb4       0xb4 c:/ac6/systemworkbench/plugins/fr.ac6.mcu.externaltools.arm-none.win32_1.15.0.201708311556/tools/compiler/bin/../lib/gcc/arm-none-eabi/6.3.1/../../../../arm-none-eabi/lib/thumb/v7-m\libc.a(lib_a-strstr.o)
 .text.two_way_long_needle
                0x08007d68      0x1fc c:/ac6/systemworkbench/plugins/fr.ac6.mcu.externaltools.arm-none.win32_1.15.0.201708311556/tools/compiler/bin/../lib/gcc/arm-none-eabi/6.3.1/../../../../arm-none-eabi/lib/thumb/v7-m\libc.a(lib_a-strstr.o)
 .text.strstr   0x08007f64      0x218 c:/ac6/systemworkbench/plugins/fr.ac6.mcu.externaltools.arm-none.win32_1.15.0.201708311556/tools/compiler/bin/../lib/gcc/arm-none-eabi/6.3.1/../../../../arm-none-eabi/lib/thumb/v7-m\libc.a(lib_a-strstr.o)
                0x08007f64                strstr
 .text.__utoa   0x0800817c       0x80 c:/ac6/systemworkbench/plugins/fr.ac6.mcu.externaltools.arm-none.win32_1.15.0.201708311556/tools/compiler/bin/../lib/gcc/arm-none-eabi/6.3.1/../../../../arm-none-eabi/lib/thumb/v7-m\libc.a(lib_a-utoa.o)
                0x0800817c                __utoa
 .text.startup.register_fini
                0x080081fc       0x14 c:/ac6/systemworkbench/plugins/fr.ac6.mcu.externaltools.arm-none.win32_1.15.0.201708311556/tools/compiler/bin/../lib/gcc/arm-none-eabi/6.3.1/../../../../arm-none-eabi/lib/thumb/v7-m\libc.a(lib_a-__call_atexit.o)
 .text.atexit   0x08008210        0xc c:/ac6/systemworkbench/plugins/fr.ac6.mcu.externaltools.arm-none.win32_1.15.0.201708311556/tools/compiler/bin/../lib/gcc/arm-none-eabi/6.3.1/../../../../arm-none-eabi/lib/thumb/v7-m\libc.a(lib_a-atexit.o)
                0x08008210                atexit
 .text.__libc_fini_array
                0x0800821c       0x34 c:/ac6/systemworkbench/plugins/fr.ac6.mcu.externaltools.arm-none.win32_1.15.0.201708311556/tools/compiler/bin/../lib/gcc/arm-none-eabi/6.3.1/../../../../arm-none-eabi/lib/thumb/v7-m\libc.a(lib_a-fini.o)
                0x0800821c                __libc_fini_array
 .text.__retarget_lock_acquire_recursive
                0x08008250        0x4 c:/ac6/systemworkbench/plugins/fr.ac6.mcu.externaltools.arm-none.win32_1.15.0.201708311556/tools/compiler/bin/../lib/gcc/arm-none-eabi/6.3.1/../../../../arm-none-eabi/lib/thumb/v7-m\libc.a(lib_a-lock.o)
                0x08008250                __retarget_lock_acquire_recursive
 .text.__retarget_lock_release_recursive
                0x08008254        0x4 c:/ac6/systemworkbench/plugins/fr.ac6.mcu.externaltools.arm-none.win32_1.15.0.201708311556/tools/compiler/bin/../lib/gcc/arm-none-eabi/6.3.1/../../../../arm-none-eabi/lib/thumb/v7-m\libc.a(lib_a-lock.o)
                0x08008254                __retarget_lock_release_recursive
 .text.memchr   0x08008258       0x8c c:/ac6/systemworkbench/plugins/fr.ac6.mcu.externaltools.arm-none.win32_1.15.0.201708311556/tools/compiler/bin/../lib/gcc/arm-none-eabi/6.3.1/../../../../arm-none-eabi/lib/thumb/v7-m\libc.a(lib_a-memchr-stub.o)
                0x08008258                memchr
 .text.memcmp   0x080082e4       0x60 c:/ac6/systemworkbench/plugins/fr.ac6.mcu.externaltools.arm-none.win32_1.15.0.201708311556/tools/compiler/bin/../lib/gcc/arm-none-eabi/6.3.1/../../../../arm-none-eabi/lib/thumb/v7-m\libc.a(lib_a-memcmp.o)
                0x080082e4                memcmp
 .text.strchr   0x08008344       0xe8 c:/ac6/systemworkbench/plugins/fr.ac6.mcu.externaltools.arm-none.win32_1.15.0.201708311556/tools/compiler/bin/../lib/gcc/arm-none-eabi/6.3.1/../../../../arm-none-eabi/lib/thumb/v7-m\libc.a(lib_a-strchr.o)
                0x08008344                strchr
 .text.__register_exitproc
                0x0800842c       0xc4 c:/ac6/systemworkbench/plugins/fr.ac6.mcu.externaltools.arm-none.win32_1.15.0.201708311556/tools/compiler/bin/../lib/gcc/arm-none-eabi/6.3.1/../../../../arm-none-eabi/lib/thumb/v7-m\libc.a(lib_a-__atexit.o)
                0x0800842c                __register_exitproc
 *(.glue_7)
 .glue_7        0x080084f0        0x0 linker stubs
 *(.glue_7t)
 .glue_7t       0x080084f0        0x0 linker stubs
 *(.eh_frame)
 .eh_frame      0x080084f0        0x0 c:/ac6/systemworkbench/plugins/fr.ac6.mcu.externaltools.arm-none.win32_1.15.0.201708311556/tools/compiler/bin/../lib/gcc/arm-none-eabi/6.3.1/thumb/v7-m/crtbegin.o
 *(.init)
 .init          0x080084f0        0x4 c:/ac6/systemworkbench/plugins/fr.ac6.mcu.externaltools.arm-none.win32_1.15.0.201708311556/tools/compiler/bin/../lib/gcc/arm-none-eabi/6.3.1/thumb/v7-m/crti.o
                0x080084f0                _init
 .init          0x080084f4        0x8 c:/ac6/systemworkbench/plugins/fr.ac6.mcu.externaltools.arm-none.win32_1.15.0.201708311556/tools/compiler/bin/../lib/gcc/arm-none-eabi/6.3.1/thumb/v7-m/crtn.o
 *(.fini)
 .fini          0x080084fc        0x4 c:/ac6/systemworkbench/plugins/fr.ac6.mcu.externaltools.arm-none.win32_1.15.0.201708311556/tools/compiler/bin/../lib/gcc/arm-none-eabi/6.3.1/thumb/v7-m/crti.o
                0x080084fc                _fini
 .fini          0x08008500        0x8 c:/ac6/systemworkbench/plugins/fr.ac6.mcu.externaltools.arm-none.win32_1.15.0.201708311556/tools/compiler/bin/../lib/gcc/arm-none-eabi/6.3.1/thumb/v7-m/crtn.o
                0x08008508                . = ALIGN (0x4)
                0x08008508                _etext = .

.vfp11_veneer   0x08008508        0x0
 .vfp11_veneer  0x08008508        0x0 linker stubs

.v4_bx          0x08008508        0x0
 .v4_bx         0x08008508        0x0 linker stubs

.iplt           0x08008508        0x0
 .iplt          0x08008508        0x0 c:/ac6/systemworkbench/plugins/fr.ac6.mcu.externaltools.arm-none.win32_1.15.0.201708311556/tools/compiler/bin/../lib/gcc/arm-none-eabi/6.3.1/thumb/v7-m/crtbegin.o

.rodata         0x08008508      0x140
                0x08008508                . = ALIGN (0x4)
 *(.rodata)
 *(.rodata*)
 .rodata.str1.4
                0x08008508        0xf src/FatFs/ff.o
 .rodata.str1.4
                0x08008517        0xf src/main.o
                                  0x1 (size before relaxing)
 *fill*         0x08008517        0x1 
 .rodata.str1.4
                0x08008518       0xd6 src/menu/menu.o
 *fill*         0x080085ee        0x2 
 .rodata.str1.4
                0x080085f0        0x6 src/player/player.o
                                  0x9 (size before relaxing)
 *fill*         0x080085f6        0x2 
 .rodata.str1.4
                0x080085f8        0x3 src/uart/uart.o
 *fill*         0x080085fb        0x1 
 .rodata.str1.4
                0x080085fc       0x1f src/wav_format/wav.o
 *fill*         0x0800861b        0x1 
 .rodata._global_impure_ptr
                0x0800861c        0x4 c:/ac6/systemworkbench/plugins/fr.ac6.mcu.externaltools.arm-none.win32_1.15.0.201708311556/tools/compiler/bin/../lib/gcc/arm-none-eabi/6.3.1/../../../../arm-none-eabi/lib/thumb/v7-m\libc.a(lib_a-impure.o)
                0x0800861c                _global_impure_ptr
 .rodata.__utoa.str1.4
                0x08008620       0x28 c:/ac6/systemworkbench/plugins/fr.ac6.mcu.externaltools.arm-none.win32_1.15.0.201708311556/tools/compiler/bin/../lib/gcc/arm-none-eabi/6.3.1/../../../../arm-none-eabi/lib/thumb/v7-m\libc.a(lib_a-utoa.o)
                                 0x25 (size before relaxing)
                0x08008648                . = ALIGN (0x4)

.rel.dyn        0x08008648        0x0
 .rel.iplt      0x08008648        0x0 c:/ac6/systemworkbench/plugins/fr.ac6.mcu.externaltools.arm-none.win32_1.15.0.201708311556/tools/compiler/bin/../lib/gcc/arm-none-eabi/6.3.1/thumb/v7-m/crtbegin.o

.ARM.extab      0x08008648        0x0
                0x08008648                . = ALIGN (0x4)
 *(.ARM.extab* .gnu.linkonce.armextab.*)
                0x08008648                . = ALIGN (0x4)

.ARM            0x08008648        0x0
                0x08008648                . = ALIGN (0x4)
                0x08008648                __exidx_start = .
 *(.ARM.exidx*)
                0x08008648                __exidx_end = .
                0x08008648                . = ALIGN (0x4)

.preinit_array  0x08008648        0x0
                0x08008648                . = ALIGN (0x4)
                0x08008648                PROVIDE (__preinit_array_start, .)
 *(.preinit_array*)
                0x08008648                PROVIDE (__preinit_array_end, .)
                0x08008648                . = ALIGN (0x4)

.init_array     0x08008648        0x8
                0x08008648                . = ALIGN (0x4)
                0x08008648                PROVIDE (__init_array_start, .)
 *(SORT(.init_array.*))
 .init_array.00000
                0x08008648        0x4 c:/ac6/systemworkbench/plugins/fr.ac6.mcu.externaltools.arm-none.win32_1.15.0.201708311556/tools/compiler/bin/../lib/gcc/arm-none-eabi/6.3.1/../../../../arm-none-eabi/lib/thumb/v7-m\libc.a(lib_a-__call_atexit.o)
 *(.init_array*)
 .init_array    0x0800864c        0x4 c:/ac6/systemworkbench/plugins/fr.ac6.mcu.externaltools.arm-none.win32_1.15.0.201708311556/tools/compiler/bin/../lib/gcc/arm-none-eabi/6.3.1/thumb/v7-m/crtbegin.o
                0x08008650                PROVIDE (__init_array_end, .)
                0x08008650                . = ALIGN (0x4)

.fini_array     0x08008650        0x4
                0x08008650                . = ALIGN (0x4)
                0x08008650                PROVIDE (__fini_array_start, .)
 *(SORT(.fini_array.*))
 *(.fini_array*)
 .fini_array    0x08008650        0x4 c:/ac6/systemworkbench/plugins/fr.ac6.mcu.externaltools.arm-none.win32_1.15.0.201708311556/tools/compiler/bin/../lib/gcc/arm-none-eabi/6.3.1/thumb/v7-m/crtbegin.o
                0x08008654                PROVIDE (__fini_array_end, .)
                0x08008654                . = ALIGN (0x4)
                0x08008654                _sidata = LOADADDR (.data)

.data           0x20000000      0x464 load address 0x08008654
                0x20000000                . = ALIGN (0x4)
                0x20000000                _sdata = .
 *(.data)
 .data          0x20000000       0x14 StdPeriph_Driver/src/stm32f10x_rcc.o
 .data          0x20000014        0x1 src/FatFs/diskio.o
 *fill*         0x20000015        0x3 
 .data          0x20000018       0x14 src/system_stm32f10x.o
                0x20000018                AHBPrescTable
                0x20000028                SystemCoreClock
 .data          0x2000002c        0x8 src/player/player.o
                0x20000030                startAddress
 *(.data*)
 *fill*         0x20000034        0x4 
 .data.impure_data
                0x20000038      0x428 c:/ac6/systemworkbench/plugins/fr.ac6.mcu.externaltools.arm-none.win32_1.15.0.201708311556/tools/compiler/bin/../lib/gcc/arm-none-eabi/6.3.1/../../../../arm-none-eabi/lib/thumb/v7-m\libc.a(lib_a-impure.o)
 .data.__atexit_recursive_mutex
                0x20000460        0x4 c:/ac6/systemworkbench/plugins/fr.ac6.mcu.externaltools.arm-none.win32_1.15.0.201708311556/tools/compiler/bin/../lib/gcc/arm-none-eabi/6.3.1/../../../../arm-none-eabi/lib/thumb/v7-m\libc.a(lib_a-__call_atexit.o)
                0x20000460                __atexit_recursive_mutex
                0x20000464                . = ALIGN (0x4)
                0x20000464                _edata = .

.jcr            0x20000464        0x0 load address 0x08008ab8
 .jcr           0x20000464        0x0 c:/ac6/systemworkbench/plugins/fr.ac6.mcu.externaltools.arm-none.win32_1.15.0.201708311556/tools/compiler/bin/../lib/gcc/arm-none-eabi/6.3.1/thumb/v7-m/crtbegin.o

.igot.plt       0x20000464        0x0 load address 0x08008ab8
 .igot.plt      0x20000464        0x0 c:/ac6/systemworkbench/plugins/fr.ac6.mcu.externaltools.arm-none.win32_1.15.0.201708311556/tools/compiler/bin/../lib/gcc/arm-none-eabi/6.3.1/thumb/v7-m/crtbegin.o
                0x20000464                . = ALIGN (0x4)

.bss            0x20000464     0x45a4 load address 0x08008ab8
                0x20000464                _sbss = .
                0x20000464                __bss_start__ = _sbss
 *(.bss)
 .bss           0x20000464       0x1c c:/ac6/systemworkbench/plugins/fr.ac6.mcu.externaltools.arm-none.win32_1.15.0.201708311556/tools/compiler/bin/../lib/gcc/arm-none-eabi/6.3.1/thumb/v7-m/crtbegin.o
 .bss           0x20000480        0x4 src/FatFs/diskio.o
 .bss           0x20000484        0x6 src/FatFs/ff.o
 *fill*         0x2000048a        0x2 
 .bss           0x2000048c       0x30 src/button_handler/buttons.o
 .bss           0x200004bc        0x1 src/menu/menu.o
 *fill*         0x200004bd        0x3 
 .bss           0x200004c0       0x1c src/player/player.o
 *(.bss*)
 *(COMMON)
 COMMON         0x200004dc      0x500 src/main.o
                0x200004dc                timer
                0x200004e0                player
                0x200004e9                MenuState
                0x200004ea                ButtonIntervalTimer
                0x200004ec                fileinfo
                0x20000504                read
                0x20000508                dir
                0x20000530                fresult
                0x20000534                g_sFatFs
                0x20000764                wav
                0x200007b4                plik
 COMMON         0x200009dc     0x4008 src/player/player.o
                0x200009dc                spiBuf
                0x200029dc                thisWav
                0x200029e0                spiReadBufWsk
                0x200029e4                spiBuf2
 COMMON         0x200049e4       0x21 c:/ac6/systemworkbench/plugins/fr.ac6.mcu.externaltools.arm-none.win32_1.15.0.201708311556/tools/compiler/bin/../lib/gcc/arm-none-eabi/6.3.1/../../../../arm-none-eabi/lib/thumb/v7-m\libc.a(lib_a-lock.o)
                0x200049e4                __lock___atexit_recursive_mutex
                0x200049e8                __lock___arc4random_mutex
                0x200049ec                __lock___env_recursive_mutex
                0x200049f0                __lock___sinit_recursive_mutex
                0x200049f4                __lock___malloc_recursive_mutex
                0x200049f8                __lock___at_quick_exit_mutex
                0x200049fc                __lock___dd_hash_mutex
                0x20004a00                __lock___tz_mutex
                0x20004a04                __lock___sfp_recursive_mutex
                0x20004a08                . = ALIGN (0x4)
 *fill*         0x20004a05        0x3 
                0x20004a08                _ebss = .
                0x20004a08                __bss_end__ = _ebss

._user_heap_stack
                0x20004a08      0x400 load address 0x08008ab8
                0x20004a08                . = ALIGN (0x8)
                0x20004a08                PROVIDE (end, .)
                [!provide]                PROVIDE (_end, .)
                0x20004a08                . = (. + _Min_Heap_Size)
                0x20004e08                . = (. + _Min_Stack_Size)
 *fill*         0x20004a08      0x400 
                0x20004e08                . = ALIGN (0x8)

/DISCARD/
 libc.a(*)
 libm.a(*)
 libgcc.a(*)

.ARM.attributes
                0x00000000       0x29
 *(.ARM.attributes)
 .ARM.attributes
                0x00000000       0x1d c:/ac6/systemworkbench/plugins/fr.ac6.mcu.externaltools.arm-none.win32_1.15.0.201708311556/tools/compiler/bin/../lib/gcc/arm-none-eabi/6.3.1/thumb/v7-m/crti.o
 .ARM.attributes
                0x0000001d       0x2d c:/ac6/systemworkbench/plugins/fr.ac6.mcu.externaltools.arm-none.win32_1.15.0.201708311556/tools/compiler/bin/../lib/gcc/arm-none-eabi/6.3.1/thumb/v7-m/crtbegin.o
 .ARM.attributes
                0x0000004a       0x33 StdPeriph_Driver/src/misc.o
 .ARM.attributes
                0x0000007d       0x33 StdPeriph_Driver/src/stm32f10x_flash.o
 .ARM.attributes
                0x000000b0       0x33 StdPeriph_Driver/src/stm32f10x_gpio.o
 .ARM.attributes
                0x000000e3       0x33 StdPeriph_Driver/src/stm32f10x_rcc.o
 .ARM.attributes
                0x00000116       0x33 StdPeriph_Driver/src/stm32f10x_spi.o
 .ARM.attributes
                0x00000149       0x33 StdPeriph_Driver/src/stm32f10x_tim.o
 .ARM.attributes
                0x0000017c       0x33 StdPeriph_Driver/src/stm32f10x_usart.o
 .ARM.attributes
                0x000001af       0x33 src/FatFs/diskio.o
 .ARM.attributes
                0x000001e2       0x33 src/FatFs/ff.o
 .ARM.attributes
                0x00000215       0x33 src/LCD/lcd44780.o
 .ARM.attributes
                0x00000248       0x33 src/SD_timer/SD_timer.o
 .ARM.attributes
                0x0000027b       0x33 src/button_handler/buttons.o
 .ARM.attributes
                0x000002ae       0x33 src/delay/delay.o
 .ARM.attributes
                0x000002e1       0x33 src/main.o
 .ARM.attributes
                0x00000314       0x33 src/system_stm32f10x.o
 .ARM.attributes
                0x00000347       0x33 src/menu/menu.o
 .ARM.attributes
                0x0000037a       0x33 src/player/functionHandler.o
 .ARM.attributes
                0x000003ad       0x33 src/player/player.o
 .ARM.attributes
                0x000003e0       0x33 src/spi/SPI.o
 .ARM.attributes
                0x00000413       0x33 src/spi_DAC/SPI_DAC.o
 .ARM.attributes
                0x00000446       0x33 src/uart/uart.o
 .ARM.attributes
                0x00000479       0x33 src/wav_format/wav.o
 .ARM.attributes
                0x000004ac       0x21 startup/startup_stm32f10x_md.o
 .ARM.attributes
                0x000004cd       0x2d c:/ac6/systemworkbench/plugins/fr.ac6.mcu.externaltools.arm-none.win32_1.15.0.201708311556/tools/compiler/bin/../lib/gcc/arm-none-eabi/6.3.1/../../../../arm-none-eabi/lib/thumb/v7-m\libc.a(lib_a-impure.o)
 .ARM.attributes
                0x000004fa       0x2d c:/ac6/systemworkbench/plugins/fr.ac6.mcu.externaltools.arm-none.win32_1.15.0.201708311556/tools/compiler/bin/../lib/gcc/arm-none-eabi/6.3.1/../../../../arm-none-eabi/lib/thumb/v7-m\libc.a(lib_a-itoa.o)
 .ARM.attributes
                0x00000527       0x1b c:/ac6/systemworkbench/plugins/fr.ac6.mcu.externaltools.arm-none.win32_1.15.0.201708311556/tools/compiler/bin/../lib/gcc/arm-none-eabi/6.3.1/../../../../arm-none-eabi/lib/thumb/v7-m\libc.a(lib_a-memcpy.o)
 .ARM.attributes
                0x00000542       0x2d c:/ac6/systemworkbench/plugins/fr.ac6.mcu.externaltools.arm-none.win32_1.15.0.201708311556/tools/compiler/bin/../lib/gcc/arm-none-eabi/6.3.1/../../../../arm-none-eabi/lib/thumb/v7-m\libc.a(lib_a-memset.o)
 .ARM.attributes
                0x0000056f       0x1b c:/ac6/systemworkbench/plugins/fr.ac6.mcu.externaltools.arm-none.win32_1.15.0.201708311556/tools/compiler/bin/../lib/gcc/arm-none-eabi/6.3.1/../../../../arm-none-eabi/lib/thumb/v7-m\libc.a(lib_a-strcmp.o)
 .ARM.attributes
                0x0000058a       0x2d c:/ac6/systemworkbench/plugins/fr.ac6.mcu.externaltools.arm-none.win32_1.15.0.201708311556/tools/compiler/bin/../lib/gcc/arm-none-eabi/6.3.1/../../../../arm-none-eabi/lib/thumb/v7-m\libc.a(lib_a-strcpy.o)
 .ARM.attributes
                0x000005b7       0x2d c:/ac6/systemworkbench/plugins/fr.ac6.mcu.externaltools.arm-none.win32_1.15.0.201708311556/tools/compiler/bin/../lib/gcc/arm-none-eabi/6.3.1/../../../../arm-none-eabi/lib/thumb/v7-m\libc.a(lib_a-strlen-stub.o)
 .ARM.attributes
                0x000005e4       0x2d c:/ac6/systemworkbench/plugins/fr.ac6.mcu.externaltools.arm-none.win32_1.15.0.201708311556/tools/compiler/bin/../lib/gcc/arm-none-eabi/6.3.1/../../../../arm-none-eabi/lib/thumb/v7-m\libc.a(lib_a-strncpy.o)
 .ARM.attributes
                0x00000611       0x2d c:/ac6/systemworkbench/plugins/fr.ac6.mcu.externaltools.arm-none.win32_1.15.0.201708311556/tools/compiler/bin/../lib/gcc/arm-none-eabi/6.3.1/../../../../arm-none-eabi/lib/thumb/v7-m\libc.a(lib_a-strstr.o)
 .ARM.attributes
                0x0000063e       0x2d c:/ac6/systemworkbench/plugins/fr.ac6.mcu.externaltools.arm-none.win32_1.15.0.201708311556/tools/compiler/bin/../lib/gcc/arm-none-eabi/6.3.1/../../../../arm-none-eabi/lib/thumb/v7-m\libc.a(lib_a-utoa.o)
 .ARM.attributes
                0x0000066b       0x2d c:/ac6/systemworkbench/plugins/fr.ac6.mcu.externaltools.arm-none.win32_1.15.0.201708311556/tools/compiler/bin/../lib/gcc/arm-none-eabi/6.3.1/../../../../arm-none-eabi/lib/thumb/v7-m\libc.a(lib_a-__call_atexit.o)
 .ARM.attributes
                0x00000698       0x2d c:/ac6/systemworkbench/plugins/fr.ac6.mcu.externaltools.arm-none.win32_1.15.0.201708311556/tools/compiler/bin/../lib/gcc/arm-none-eabi/6.3.1/../../../../arm-none-eabi/lib/thumb/v7-m\libc.a(lib_a-atexit.o)
 .ARM.attributes
                0x000006c5       0x2d c:/ac6/systemworkbench/plugins/fr.ac6.mcu.externaltools.arm-none.win32_1.15.0.201708311556/tools/compiler/bin/../lib/gcc/arm-none-eabi/6.3.1/../../../../arm-none-eabi/lib/thumb/v7-m\libc.a(lib_a-fini.o)
 .ARM.attributes
                0x000006f2       0x2d c:/ac6/systemworkbench/plugins/fr.ac6.mcu.externaltools.arm-none.win32_1.15.0.201708311556/tools/compiler/bin/../lib/gcc/arm-none-eabi/6.3.1/../../../../arm-none-eabi/lib/thumb/v7-m\libc.a(lib_a-lock.o)
 .ARM.attributes
                0x0000071f       0x2d c:/ac6/systemworkbench/plugins/fr.ac6.mcu.externaltools.arm-none.win32_1.15.0.201708311556/tools/compiler/bin/../lib/gcc/arm-none-eabi/6.3.1/../../../../arm-none-eabi/lib/thumb/v7-m\libc.a(lib_a-memchr-stub.o)
 .ARM.attributes
                0x0000074c       0x2d c:/ac6/systemworkbench/plugins/fr.ac6.mcu.externaltools.arm-none.win32_1.15.0.201708311556/tools/compiler/bin/../lib/gcc/arm-none-eabi/6.3.1/../../../../arm-none-eabi/lib/thumb/v7-m\libc.a(lib_a-memcmp.o)
 .ARM.attributes
                0x00000779       0x2d c:/ac6/systemworkbench/plugins/fr.ac6.mcu.externaltools.arm-none.win32_1.15.0.201708311556/tools/compiler/bin/../lib/gcc/arm-none-eabi/6.3.1/../../../../arm-none-eabi/lib/thumb/v7-m\libc.a(lib_a-strchr.o)
 .ARM.attributes
                0x000007a6       0x2d c:/ac6/systemworkbench/plugins/fr.ac6.mcu.externaltools.arm-none.win32_1.15.0.201708311556/tools/compiler/bin/../lib/gcc/arm-none-eabi/6.3.1/../../../../arm-none-eabi/lib/thumb/v7-m\libc.a(lib_a-__atexit.o)
 .ARM.attributes
                0x000007d3       0x1d c:/ac6/systemworkbench/plugins/fr.ac6.mcu.externaltools.arm-none.win32_1.15.0.201708311556/tools/compiler/bin/../lib/gcc/arm-none-eabi/6.3.1/thumb/v7-m/crtn.o
OUTPUT(p.elf elf32-littlearm)

.comment        0x00000000       0x7f
 .comment       0x00000000       0x7f StdPeriph_Driver/src/misc.o
                                 0x80 (size before relaxing)
 .comment       0x0000007f       0x80 StdPeriph_Driver/src/stm32f10x_flash.o
 .comment       0x0000007f       0x80 StdPeriph_Driver/src/stm32f10x_gpio.o
 .comment       0x0000007f       0x80 StdPeriph_Driver/src/stm32f10x_rcc.o
 .comment       0x0000007f       0x80 StdPeriph_Driver/src/stm32f10x_spi.o
 .comment       0x0000007f       0x80 StdPeriph_Driver/src/stm32f10x_tim.o
 .comment       0x0000007f       0x80 StdPeriph_Driver/src/stm32f10x_usart.o
 .comment       0x0000007f       0x80 src/FatFs/diskio.o
 .comment       0x0000007f       0x80 src/FatFs/ff.o
 .comment       0x0000007f       0x80 src/LCD/lcd44780.o
 .comment       0x0000007f       0x80 src/SD_timer/SD_timer.o
 .comment       0x0000007f       0x80 src/button_handler/buttons.o
 .comment       0x0000007f       0x80 src/delay/delay.o
 .comment       0x0000007f       0x80 src/main.o
 .comment       0x0000007f       0x80 src/system_stm32f10x.o
 .comment       0x0000007f       0x80 src/menu/menu.o
 .comment       0x0000007f       0x80 src/player/functionHandler.o
 .comment       0x0000007f       0x80 src/player/player.o
 .comment       0x0000007f       0x80 src/spi/SPI.o
 .comment       0x0000007f       0x80 src/spi_DAC/SPI_DAC.o
 .comment       0x0000007f       0x80 src/uart/uart.o
 .comment       0x0000007f       0x80 src/wav_format/wav.o

.debug_line     0x00000000       0x7d
 .debug_line    0x00000000       0x7d startup/startup_stm32f10x_md.o

.debug_info     0x00000000       0x73
 .debug_info    0x00000000       0x73 startup/startup_stm32f10x_md.o

.debug_abbrev   0x00000000       0x12
 .debug_abbrev  0x00000000       0x12 startup/startup_stm32f10x_md.o

.debug_aranges  0x00000000       0x28
 .debug_aranges
                0x00000000       0x28 startup/startup_stm32f10x_md.o

.debug_ranges   0x00000000       0x20
 .debug_ranges  0x00000000       0x20 startup/startup_stm32f10x_md.o

.debug_frame    0x00000000      0x490
 .debug_frame   0x00000000       0x3c c:/ac6/systemworkbench/plugins/fr.ac6.mcu.externaltools.arm-none.win32_1.15.0.201708311556/tools/compiler/bin/../lib/gcc/arm-none-eabi/6.3.1/../../../../arm-none-eabi/lib/thumb/v7-m\libc.a(lib_a-itoa.o)
 .debug_frame   0x0000003c       0x34 c:/ac6/systemworkbench/plugins/fr.ac6.mcu.externaltools.arm-none.win32_1.15.0.201708311556/tools/compiler/bin/../lib/gcc/arm-none-eabi/6.3.1/../../../../arm-none-eabi/lib/thumb/v7-m\libc.a(lib_a-memset.o)
 .debug_frame   0x00000070       0x34 c:/ac6/systemworkbench/plugins/fr.ac6.mcu.externaltools.arm-none.win32_1.15.0.201708311556/tools/compiler/bin/../lib/gcc/arm-none-eabi/6.3.1/../../../../arm-none-eabi/lib/thumb/v7-m\libc.a(lib_a-strcmp.o)
 .debug_frame   0x000000a4       0x20 c:/ac6/systemworkbench/plugins/fr.ac6.mcu.externaltools.arm-none.win32_1.15.0.201708311556/tools/compiler/bin/../lib/gcc/arm-none-eabi/6.3.1/../../../../arm-none-eabi/lib/thumb/v7-m\libc.a(lib_a-strcpy.o)
 .debug_frame   0x000000c4       0x20 c:/ac6/systemworkbench/plugins/fr.ac6.mcu.externaltools.arm-none.win32_1.15.0.201708311556/tools/compiler/bin/../lib/gcc/arm-none-eabi/6.3.1/../../../../arm-none-eabi/lib/thumb/v7-m\libc.a(lib_a-strlen-stub.o)
 .debug_frame   0x000000e4       0x34 c:/ac6/systemworkbench/plugins/fr.ac6.mcu.externaltools.arm-none.win32_1.15.0.201708311556/tools/compiler/bin/../lib/gcc/arm-none-eabi/6.3.1/../../../../arm-none-eabi/lib/thumb/v7-m\libc.a(lib_a-strncpy.o)
 .debug_frame   0x00000118       0xd8 c:/ac6/systemworkbench/plugins/fr.ac6.mcu.externaltools.arm-none.win32_1.15.0.201708311556/tools/compiler/bin/../lib/gcc/arm-none-eabi/6.3.1/../../../../arm-none-eabi/lib/thumb/v7-m\libc.a(lib_a-strstr.o)
 .debug_frame   0x000001f0       0x4c c:/ac6/systemworkbench/plugins/fr.ac6.mcu.externaltools.arm-none.win32_1.15.0.201708311556/tools/compiler/bin/../lib/gcc/arm-none-eabi/6.3.1/../../../../arm-none-eabi/lib/thumb/v7-m\libc.a(lib_a-utoa.o)
 .debug_frame   0x0000023c       0x5c c:/ac6/systemworkbench/plugins/fr.ac6.mcu.externaltools.arm-none.win32_1.15.0.201708311556/tools/compiler/bin/../lib/gcc/arm-none-eabi/6.3.1/../../../../arm-none-eabi/lib/thumb/v7-m\libc.a(lib_a-__call_atexit.o)
 .debug_frame   0x00000298       0x20 c:/ac6/systemworkbench/plugins/fr.ac6.mcu.externaltools.arm-none.win32_1.15.0.201708311556/tools/compiler/bin/../lib/gcc/arm-none-eabi/6.3.1/../../../../arm-none-eabi/lib/thumb/v7-m\libc.a(lib_a-atexit.o)
 .debug_frame   0x000002b8       0x34 c:/ac6/systemworkbench/plugins/fr.ac6.mcu.externaltools.arm-none.win32_1.15.0.201708311556/tools/compiler/bin/../lib/gcc/arm-none-eabi/6.3.1/../../../../arm-none-eabi/lib/thumb/v7-m\libc.a(lib_a-fini.o)
 .debug_frame   0x000002ec       0xb0 c:/ac6/systemworkbench/plugins/fr.ac6.mcu.externaltools.arm-none.win32_1.15.0.201708311556/tools/compiler/bin/../lib/gcc/arm-none-eabi/6.3.1/../../../../arm-none-eabi/lib/thumb/v7-m\libc.a(lib_a-lock.o)
 .debug_frame   0x0000039c       0x34 c:/ac6/systemworkbench/plugins/fr.ac6.mcu.externaltools.arm-none.win32_1.15.0.201708311556/tools/compiler/bin/../lib/gcc/arm-none-eabi/6.3.1/../../../../arm-none-eabi/lib/thumb/v7-m\libc.a(lib_a-memchr-stub.o)
 .debug_frame   0x000003d0       0x3c c:/ac6/systemworkbench/plugins/fr.ac6.mcu.externaltools.arm-none.win32_1.15.0.201708311556/tools/compiler/bin/../lib/gcc/arm-none-eabi/6.3.1/../../../../arm-none-eabi/lib/thumb/v7-m\libc.a(lib_a-memcmp.o)
 .debug_frame   0x0000040c       0x50 c:/ac6/systemworkbench/plugins/fr.ac6.mcu.externaltools.arm-none.win32_1.15.0.201708311556/tools/compiler/bin/../lib/gcc/arm-none-eabi/6.3.1/../../../../arm-none-eabi/lib/thumb/v7-m\libc.a(lib_a-strchr.o)
 .debug_frame   0x0000045c       0x34 c:/ac6/systemworkbench/plugins/fr.ac6.mcu.externaltools.arm-none.win32_1.15.0.201708311556/tools/compiler/bin/../lib/gcc/arm-none-eabi/6.3.1/../../../../arm-none-eabi/lib/thumb/v7-m\libc.a(lib_a-__atexit.o)
